[debug] [2026-02-14T07:53:59.642Z] ----------------------------------------------------------------------
[debug] [2026-02-14T07:53:59.647Z] Command:       F:\node.exe C:\Users\MCS\AppData\Roaming\npm\node_modules\firebase-tools\lib\bin\firebase.js projects:list
[debug] [2026-02-14T07:53:59.648Z] CLI Version:   13.29.1
[debug] [2026-02-14T07:53:59.648Z] Platform:      win32
[debug] [2026-02-14T07:53:59.648Z] Node Version:  v24.12.0
[debug] [2026-02-14T07:53:59.648Z] Time:          Sat Feb 14 2026 13:23:59 GMT+0530 (India Standard Time)
[debug] [2026-02-14T07:53:59.649Z] ----------------------------------------------------------------------
[debug] 
[debug] [2026-02-14T07:53:59.763Z] > command requires scopes: ["email","openid","https://www.googleapis.com/auth/cloudplatformprojects.readonly","https://www.googleapis.com/auth/firebase","https://www.googleapis.com/auth/cloud-platform"]
[debug] [2026-02-14T07:53:59.764Z] > authorizing via signed-in user (nethmim92@gmail.com)
[debug] [2026-02-14T07:53:59.773Z] Checked if tokens are valid: false, expires at: 1727285165759
[debug] [2026-02-14T07:53:59.774Z] Checked if tokens are valid: false, expires at: 1727285165759
[debug] [2026-02-14T07:53:59.774Z] > refreshing access token with scopes: []
[debug] [2026-02-14T07:53:59.777Z] >>> [apiv2][query] POST https://www.googleapis.com/oauth2/v3/token [none]
[debug] [2026-02-14T07:53:59.777Z] >>> [apiv2][body] POST https://www.googleapis.com/oauth2/v3/token [omitted]
[debug] [2026-02-14T07:54:03.055Z] <<< [apiv2][status] POST https://www.googleapis.com/oauth2/v3/token 400
[debug] [2026-02-14T07:54:03.055Z] <<< [apiv2][body] POST https://www.googleapis.com/oauth2/v3/token [omitted]
[debug] [2026-02-14T07:54:03.057Z] >>> [apiv2][query] GET https://firebase.googleapis.com/v1beta1/projects pageSize=1000
[debug] [2026-02-14T07:54:03.431Z] <<< [apiv2][status] GET https://firebase.googleapis.com/v1beta1/projects 401
[debug] [2026-02-14T07:54:03.431Z] <<< [apiv2][body] GET https://firebase.googleapis.com/v1beta1/projects [omitted]
[debug] [2026-02-14T07:54:03.431Z] Got a 401 Unauthenticated error for a call that required authentication. Refreshing tokens.
[debug] [2026-02-14T07:54:03.431Z] Checked if tokens are valid: false, expires at: 1727285165759
[debug] [2026-02-14T07:54:03.431Z] Checked if tokens are valid: false, expires at: 1727285165759
[debug] [2026-02-14T07:54:03.431Z] > refreshing access token with scopes: []
[debug] [2026-02-14T07:54:03.432Z] >>> [apiv2][query] POST https://www.googleapis.com/oauth2/v3/token [none]
[debug] [2026-02-14T07:54:03.432Z] >>> [apiv2][body] POST https://www.googleapis.com/oauth2/v3/token [omitted]
[debug] [2026-02-14T07:54:03.613Z] <<< [apiv2][status] POST https://www.googleapis.com/oauth2/v3/token 400
[debug] [2026-02-14T07:54:03.613Z] <<< [apiv2][body] POST https://www.googleapis.com/oauth2/v3/token [omitted]
[debug] [2026-02-14T07:54:03.615Z] Request to https://firebase.googleapis.com/v1beta1/projects?pageSize=1000 had HTTP Error: 401, Request had invalid authentication credentials. Expected OAuth 2 access token, login cookie or other valid authentication credential. See https://developers.google.com/identity/sign-in/web/devconsole-project.
[debug] [2026-02-14T07:54:04.074Z] FirebaseError: Request to https://firebase.googleapis.com/v1beta1/projects?pageSize=1000 had HTTP Error: 401, Request had invalid authentication credentials. Expected OAuth 2 access token, login cookie or other valid authentication credential. See https://developers.google.com/identity/sign-in/web/devconsole-project.
    at responseToError (C:\Users\MCS\AppData\Roaming\npm\node_modules\firebase-tools\lib\responseToError.js:52:12)
    at RetryOperation._fn (C:\Users\MCS\AppData\Roaming\npm\node_modules\firebase-tools\lib\apiv2.js:312:77)
    at process.processTicksAndRejections (node:internal/process/task_queues:103:5)
[error] 
[error] Error: Failed to list Firebase projects. See firebase-debug.log for more info.
